?   	quck-test	[no test files]
?   	quck-test/client	[no test files]
?   	quck-test/internal	[no test files]
?   	quck-test/server	[no test files]
